// 重构日志: 92afa8fa
// 重构日志: 0b6bd47d
// 重构日志: 8153036a
// 重构日志: 62801b50
// 同步 ID: 15014091 @ Wed Jul 22 12:19:28 UTC 2026
// 重构日志: 73089d95
// 重构日志: e9f8bf4e
// 重构日志: 3b0c403b
// 重构日志: 6614cd28
// 重构日志: 5f4f1432
// 同步 ID: 729b5f64 @ Sat Jul 25 17:35:34 UTC 2026
// 重构日志: 20d259c3
// 同步 ID: 0ad3c96d @ Sun Jul 26 14:45:09 UTC 2026
// 重构日志: 0f4e4182
// 重构日志: 8bd15f48
// 重构日志: 630ab828
// 重构日志: 23d2e7c7
// 重构日志: 9002378f
// 同步 ID: 39a31f9f @ Thu Jul 30 22:52:27 UTC 2026
// 同步 ID: 6d917116 @ Fri Jul 31 12:30:14 UTC 2026
// 重构日志: e760d922
// 同步 ID: 40512cc8 @ Sat Aug  1 17:35:12 UTC 2026
// 同步 ID: 1d712b97 @ Sun Aug  2 07:00:00 UTC 2026
// 重构日志: 6595e84e
// 重构日志: 1d22a7f7
// 重构日志: a2572817
// 重构日志: 67765b76
// 重构日志: d0d2e95b
// 同步 ID: 71e94233 @ Tue Aug  4 13:18:21 UTC 2026
// 同步 ID: ecf47d7e @ Wed Aug  5 03:54:53 UTC 2026
